doodles-official
noundles
boredapeyachtclub
collectvoxmirandus
shiba-social-club
alienfrensnft
robotos-official
thelittlesnft
coolmans-universe
apocalyptic-apes
cryptoadz-by-gremplin
noodlesnft-official
collectvox
bored-ape-kennel-club
neotokyo-outer-identities
zenapenft
jungle-freaks-by-trosley
cyberkongz
cool-cats-nft
mypethooligan
theshiboshis
galacticapes
bearxlabs
larva-lads
guttercatgang
bladerunner-punks
gutterdogs
slotienft
desperate-ape-wives
gutterpigeons
kaiju-kingz
fluf-world
lucky-zeros-purebase
pudgypenguins
supducks
creatureworld
swampverseofficial
capsulehouse
gamblingapes
alpacadabraz
basicboredapeclub
the-doge-pound
metahero-generative
space-yetis-official
superlativeapes
thingdoms
cybergorillasnftofficial
bears-deluxe-new
gutterrats
divinewolvesnfts
grayboys
thecryptodads
thecryptomoms
kohi-kintsugi
little-lemon-friends
mekaverse
0n1-force
moodrollers-by-lucas-zanotto
deadfellaz
metabillionaire
womenandweapons
nonconformistducks
yungapesquad
croakz-v2-1
bubblegumkids
fanggangnft
thehumanoids
spookles
psychedelics-anonymous-genesis
coolapeclubofficial
galaktic-gang
cooldogsofficial
mutant-gorillas-
badfacebots
kumo-x-world-residents
world-of-women-nft
wizards-dragons-game-v2
squishy-squad
cryptozombieznft
neotokyo-citizens
doodlefrensnft
illuminaticollective
foxfam
wunks
cakedapesofficial
phantabear
chubbykaijudao
dystoapez-official
bored-bunny--nft
voxel-ville-official
bossbeauties
animo-official
undead-pastel-club
sodativity
encryptas-1
glizzygang-v2
mfers
marine-marauderz-2d
metakrew
queenskings
rebelsociety
apostles-genesis
neckville
fudders
toyboogers
nbayc
themodz
the-crypto-chicks
feelgang
nouns3d-v2
alphagirlclub
anatomyscienceapeclub
monftersclub
nonfungiblefungi
sipheriansurge
cryptowalkersio
defenders-of-dogewood
loomlock
cryptoongoonz
catbricksclubhouse
0xapes-trilogy
pixel-doods
thealienboy
8sian-main-collection
graycraft-2
apes-run-the-world
metasaurs-nft
cyborgbillionaireclub
winterbears
humans-metaverse
nfh
flavatools
hungry-wolves
primate-social-society-official
citizenz-nft
thehabibiz
fomo-mofos
infectedbodies
woodies-generative
onchainmonkey
cryptoskulls lazy-lions clonex phantabear doodles doodles-official robotos-official boredapeyachtclub mesmerizer ai-in-ancient-china copers 8sian-main-collection-official-1 lil-heroes-by-edgar-plans-collection theboredbunnytbb marscatsvoyage byteosaurus lil-heroes-by-edgar-plans-collection-1 fomo-mofos landofthelostspacemonkeys humans-metaverse themetapreneursofficial creator-space poke-zoo-official cryptopigs 8sian-main-collection-official-2 nft-bored-bunny-club-ytzb x-rabbits-nft dr-ethvil-s-3d-frankenpunks-collection-2 prime-ape-planet-oelg neo-tokyo-part-4-land-deeds ufo-circle awkwardemma punkcore weape24 spheremans x-rabbits-club-official elonsspaceparty flex-penguins line-block
